// Jest Snapshot v1, https://goo.gl/fbAQLP

exports[`truncate middle should truncate string as expected 1`] = `
Array [
  Object {
    "column": 0,
    "row": 0,
    "text": "Missing resource kind: {0}",
    "type": "error",
  },
  Object {
    "column": 0,
    "row": 0,
    "text": "Missing resource kind: {0}",
    "type": "error",
  },
]
`;
