// Jest Snapshot v1, https://goo.gl/fbAQLP

exports[`CreationView component renders as expected 1`] = `
<div
  className="creation-view"
>
  <div
    className="creation-view-controls-container"
  >
    <div
      className="creation-view-controls"
    >
      <div
        className="creation-view-controls-textbox"
      >
        <div
          className="creation-view-controls-textbox-title"
        >
          Name
        </div>
        <div
          className="bx--form-item"
        >
          <input
            className="bx--text-input bx--text__input"
            disabled={false}
            id="policy-name"
            onChange={[Function]}
            onClick={[Function]}
            placeholder={undefined}
            type="text"
            value="policy-grc"
          />
        </div>
      </div>
      <div
        className="creation-view-controls-multiselect"
      >
        <div
          className="creation-view-controls-multiselect-title"
        >
          Specifications
          <div
            className="bx--tooltip-icon"
          >
            <button
              aria-label="The parameter section that describes the rules to validate a cluster."
              className="bx--tooltip__trigger bx--tooltip--icon__top"
            >
              <svg
                className="info-icon"
              >
                <use
                  href="#diagramIcons_info"
                />
              </svg>
            </button>
          </div>
        </div>
        <div
          aria-invalid={undefined}
          aria-label="Choose an item"
          className="bx--multi-select bx--combo-box bx--list-box"
          data-invalid={undefined}
          onClick={[Function]}
          onKeyDown={[Function]}
          role="listbox"
          tabIndex="-1"
        >
          <div
            aria-expanded={false}
            aria-haspopup={true}
            aria-label="open menu"
            className="bx--list-box__field"
            data-toggle={true}
            disabled={false}
            onBlur={[Function]}
            onClick={[Function]}
            onKeyDown={[Function]}
            role="button"
            tabIndex="0"
            type="button"
          >
            <input
              aria-activedescendant={null}
              aria-autocomplete="list"
              aria-expanded={false}
              autoComplete="off"
              className="bx--text-input"
              disabled={false}
              id="downshift-0-input"
              onBlur={[Function]}
              onChange={[Function]}
              onKeyDown={[Function]}
              placeholder="Select how to validate clusters"
              role="combobox"
              value=""
            />
            
            <div
              className="bx--list-box__menu-icon"
            >
              <svg
                alt="Open menu"
                aria-label="Open menu"
                className={undefined}
                fill={undefined}
                fillRule="evenodd"
                focusable="false"
                height="5"
                name={undefined}
                role="img"
                style={undefined}
                viewBox="0 0 10 5"
                width="10"
              >
                <title>
                  Open menu
                </title>
                <path
                  d="M0 0l5 4.998L10 0z"
                />
              </svg>
            </div>
          </div>
        </div>
      </div>
      <div
        className="creation-view-controls-multiselect"
      >
        <div
          className="creation-view-controls-multiselect-title"
        >
          Cluster selector
          <div
            className="bx--tooltip-icon"
          >
            <button
              aria-label="The parameter field where you select which cluster the policy is applied to. When you enter a value, a placement policy and placement binding policy are created. Note: A PlacementPolicy and PlacementBinding resource is required to apply your policy to a cluster."
              className="bx--tooltip__trigger bx--tooltip--icon__top"
            >
              <svg
                className="info-icon"
              >
                <use
                  href="#diagramIcons_info"
                />
              </svg>
            </button>
          </div>
        </div>
        <div
          aria-invalid={undefined}
          aria-label="Choose an item"
          className="bx--multi-select bx--combo-box bx--list-box"
          data-invalid={undefined}
          onClick={[Function]}
          onKeyDown={[Function]}
          role="listbox"
          tabIndex="-1"
        >
          <div
            aria-expanded={false}
            aria-haspopup={true}
            aria-label="open menu"
            className="bx--list-box__field"
            data-toggle={true}
            disabled={false}
            onBlur={[Function]}
            onClick={[Function]}
            onKeyDown={[Function]}
            role="button"
            tabIndex="0"
            type="button"
          >
            <input
              aria-activedescendant={null}
              aria-autocomplete="list"
              aria-expanded={false}
              autoComplete="off"
              className="bx--text-input"
              disabled={false}
              id="downshift-1-input"
              onBlur={[Function]}
              onChange={[Function]}
              onKeyDown={[Function]}
              placeholder="Select what clusters to validate"
              role="combobox"
              value=""
            />
            
            <div
              className="bx--list-box__menu-icon"
            >
              <svg
                alt="Open menu"
                aria-label="Open menu"
                className={undefined}
                fill={undefined}
                fillRule="evenodd"
                focusable="false"
                height="5"
                name={undefined}
                role="img"
                style={undefined}
                viewBox="0 0 10 5"
                width="10"
              >
                <title>
                  Open menu
                </title>
                <path
                  d="M0 0l5 4.998L10 0z"
                />
              </svg>
            </div>
          </div>
        </div>
      </div>
      <div
        className="creation-view-controls-checkbox"
      >
        <div
          className="bx--form-item bx--checkbox-wrapper"
        >
          <input
            checked={true}
            className="bx--checkbox"
            id="policy-enforce"
            onChange={[Function]}
            type="checkbox"
          />
          <label
            className="bx--checkbox-label checkbox"
            htmlFor="policy-enforce"
            title={null}
          >
            <span
              className="bx--visually-hidden"
            >
              
            </span>
          </label>
        </div>
        <div>
          Enforce
        </div>
        <div
          className="bx--tooltip-icon"
        >
          <button
            aria-label="The remediation action for your policy. Select Enforce to automatically remediate your cluster based on your policies. When Enforce is not selected, the the remediation action is inform."
            className="bx--tooltip__trigger bx--tooltip--icon__top"
          >
            <svg
              className="info-icon"
            >
              <use
                href="#diagramIcons_info"
              />
            </svg>
          </button>
        </div>
      </div>
      <div
        className="creation-view-controls-multiselect"
      >
        <div
          className="creation-view-controls-multiselect-title"
        >
          Standards
          <div
            className="bx--tooltip-icon"
          >
            <button
              aria-label="The name or names of security standards the policy is trying to validate."
              className="bx--tooltip__trigger bx--tooltip--icon__top"
            >
              <svg
                className="info-icon"
              >
                <use
                  href="#diagramIcons_info"
                />
              </svg>
            </button>
          </div>
        </div>
        <div
          aria-invalid={undefined}
          aria-label="Choose an item"
          className="bx--multi-select bx--combo-box bx--list-box"
          data-invalid={undefined}
          onClick={[Function]}
          onKeyDown={[Function]}
          role="listbox"
          tabIndex="-1"
        >
          <div
            aria-expanded={false}
            aria-haspopup={true}
            aria-label="open menu"
            className="bx--list-box__field"
            data-toggle={true}
            disabled={false}
            onBlur={[Function]}
            onClick={[Function]}
            onKeyDown={[Function]}
            role="button"
            tabIndex="0"
            type="button"
          >
            <input
              aria-activedescendant={null}
              aria-autocomplete="list"
              aria-expanded={false}
              autoComplete="off"
              className="bx--text-input"
              disabled={false}
              id="downshift-2-input"
              onBlur={[Function]}
              onChange={[Function]}
              onKeyDown={[Function]}
              placeholder="Select standards this policy belongs to"
              role="combobox"
              value=""
            />
            
            <div
              className="bx--list-box__menu-icon"
            >
              <svg
                alt="Open menu"
                aria-label="Open menu"
                className={undefined}
                fill={undefined}
                fillRule="evenodd"
                focusable="false"
                height="5"
                name={undefined}
                role="img"
                style={undefined}
                viewBox="0 0 10 5"
                width="10"
              >
                <title>
                  Open menu
                </title>
                <path
                  d="M0 0l5 4.998L10 0z"
                />
              </svg>
            </div>
          </div>
        </div>
      </div>
      <div
        className="creation-view-controls-multiselect"
      >
        <div
          className="creation-view-controls-multiselect-title"
        >
          Categories
          <div
            className="bx--tooltip-icon"
          >
            <button
              aria-label="The security control category that the policy applies to."
              className="bx--tooltip__trigger bx--tooltip--icon__top"
            >
              <svg
                className="info-icon"
              >
                <use
                  href="#diagramIcons_info"
                />
              </svg>
            </button>
          </div>
        </div>
        <div
          aria-invalid={undefined}
          aria-label="Choose an item"
          className="bx--multi-select bx--combo-box bx--list-box"
          data-invalid={undefined}
          onClick={[Function]}
          onKeyDown={[Function]}
          role="listbox"
          tabIndex="-1"
        >
          <div
            aria-expanded={false}
            aria-haspopup={true}
            aria-label="open menu"
            className="bx--list-box__field"
            data-toggle={true}
            disabled={false}
            onBlur={[Function]}
            onClick={[Function]}
            onKeyDown={[Function]}
            role="button"
            tabIndex="0"
            type="button"
          >
            <input
              aria-activedescendant={null}
              aria-autocomplete="list"
              aria-expanded={false}
              autoComplete="off"
              className="bx--text-input"
              disabled={false}
              id="downshift-3-input"
              onBlur={[Function]}
              onChange={[Function]}
              onKeyDown={[Function]}
              placeholder="Select categories this policy belongs to"
              role="combobox"
              value=""
            />
            
            <div
              className="bx--list-box__menu-icon"
            >
              <svg
                alt="Open menu"
                aria-label="Open menu"
                className={undefined}
                fill={undefined}
                fillRule="evenodd"
                focusable="false"
                height="5"
                name={undefined}
                role="img"
                style={undefined}
                viewBox="0 0 10 5"
                width="10"
              >
                <title>
                  Open menu
                </title>
                <path
                  d="M0 0l5 4.998L10 0z"
                />
              </svg>
            </div>
          </div>
        </div>
      </div>
      <div
        className="creation-view-controls-multiselect"
      >
        <div
          className="creation-view-controls-multiselect-title"
        >
          Controls
          <div
            className="bx--tooltip-icon"
          >
            <button
              aria-label="The name of the security control that is being checked."
              className="bx--tooltip__trigger bx--tooltip--icon__top"
            >
              <svg
                className="info-icon"
              >
                <use
                  href="#diagramIcons_info"
                />
              </svg>
            </button>
          </div>
        </div>
        <div
          aria-invalid={undefined}
          aria-label="Choose an item"
          className="bx--multi-select bx--combo-box bx--list-box"
          data-invalid={undefined}
          onClick={[Function]}
          onKeyDown={[Function]}
          role="listbox"
          tabIndex="-1"
        >
          <div
            aria-expanded={false}
            aria-haspopup={true}
            aria-label="open menu"
            className="bx--list-box__field"
            data-toggle={true}
            disabled={false}
            onBlur={[Function]}
            onClick={[Function]}
            onKeyDown={[Function]}
            role="button"
            tabIndex="0"
            type="button"
          >
            <input
              aria-activedescendant={null}
              aria-autocomplete="list"
              aria-expanded={false}
              autoComplete="off"
              className="bx--text-input"
              disabled={false}
              id="downshift-4-input"
              onBlur={[Function]}
              onChange={[Function]}
              onKeyDown={[Function]}
              placeholder="Select controls this policy belongs to"
              role="combobox"
              value=""
            />
            
            <div
              className="bx--list-box__menu-icon"
            >
              <svg
                alt="Open menu"
                aria-label="Open menu"
                className={undefined}
                fill={undefined}
                fillRule="evenodd"
                focusable="false"
                height="5"
                name={undefined}
                role="img"
                style={undefined}
                viewBox="0 0 10 5"
                width="10"
              >
                <title>
                  Open menu
                </title>
                <path
                  d="M0 0l5 4.998L10 0z"
                />
              </svg>
            </div>
          </div>
        </div>
      </div>
    </div>
  </div>
  <div
    className="creation-view-yaml"
  >
    <div
      className="creation-view-yaml-header"
    >
      <div
        className="creation-view-yaml-header-title"
      >
        Policy YAML
      </div>
      <div
        aria-label={undefined}
        className="creation-view-yaml-header-toolbar"
        id={undefined}
        role="region"
      >
        <div
          className="editor-bar"
        >
          <div
            aria-label="Search"
            className="editor-bar-search"
            id="Search"
            role="region"
          >
            <div
              aria-labelledby="search-name-label"
              className="bx--search bx--search--sm"
              role="search"
            >
              <svg
                alt=""
                aria-label=""
                className="bx--search-magnifier"
                fill={undefined}
                fillRule="evenodd"
                height="16"
                name={undefined}
                role="img"
                style={undefined}
                viewBox="0 0 16 16"
                width="16"
              >
                <title>
                  
                </title>
                <path
                  d="M6.5 12a5.5 5.5 0 1 0 0-11 5.5 5.5 0 0 0 0 11zm4.936-1.27l4.563 4.557-.707.708-4.563-4.558a6.5 6.5 0 1 1 .707-.707z"
                />
              </svg>
              <label
                className="bx--label"
                htmlFor="search-name"
                id="search-name-label"
              >
                
              </label>
              <input
                aria-label="Search"
                className="bx--search-input"
                id="search-name"
                onChange={[Function]}
                placeholder="Search"
                type="text"
              />
              <button
                aria-label={undefined}
                className="bx--search-close bx--search-close--hidden"
                onClick={[Function]}
                type="button"
              >
                <svg
                  alt="Provide a description that will be used as the title"
                  aria-label="Provide a description that will be used as the title"
                  className={undefined}
                  fill={undefined}
                  fillRule="evenodd"
                  height="16"
                  name={undefined}
                  role="img"
                  style={undefined}
                  viewBox="0 0 16 16"
                  width="16"
                >
                  <title>
                    Provide a description that will be used as the title
                  </title>
                  <path
                    d="M8 6.586L5.879 4.464 4.464 5.88 6.586 8l-2.122 2.121 1.415 1.415L8 9.414l2.121 2.122 1.415-1.415L9.414 8l2.122-2.121-1.415-1.415L8 6.586zM8 16A8 8 0 1 1 8 0a8 8 0 0 1 0 16z"
                  />
                </svg>
              </button>
            </div>
          </div>
          <div
            aria-label={undefined}
            className="editor-bar-button  disabled"
            onClick={[Function]}
            onKeyPress={[Function]}
            role="button"
            tabIndex="0"
            title={undefined}
          >
            <svg
              height="16px"
              width="16px"
            >
              <use
                href="#diagramIcons_previous"
              />
            </svg>
          </div>
          <div
            aria-label={undefined}
            className="editor-bar-button  disabled"
            onClick={[Function]}
            onKeyPress={[Function]}
            role="button"
            tabIndex="0"
            title={undefined}
          >
            <svg
              height="16px"
              width="16px"
            >
              <use
                href="#diagramIcons_next"
              />
            </svg>
          </div>
          <div
            className="editor-bar-spacer"
          />
          <div
            aria-label={undefined}
            className="editor-bar-button  disabled"
            onClick={[Function]}
            onKeyPress={[Function]}
            role="button"
            tabIndex="0"
            title={undefined}
          >
            <svg
              height="16px"
              width="16px"
            >
              <use
                href="#diagramIcons_undo"
              />
            </svg>
          </div>
          <div
            aria-label={undefined}
            className="editor-bar-button  disabled"
            onClick={[Function]}
            onKeyPress={[Function]}
            role="button"
            tabIndex="0"
            title={undefined}
          >
            <svg
              height="16px"
              width="16px"
            >
              <use
                href="#diagramIcons_redo"
              />
            </svg>
          </div>
          <div
            aria-label={undefined}
            className="editor-bar-button  disabled"
            onClick={[Function]}
            onKeyPress={[Function]}
            role="button"
            tabIndex="0"
            title={undefined}
          >
            <svg
              height="16px"
              width="16px"
            >
              <use
                href="#diagramIcons_restore"
              />
            </svg>
          </div>
          <div
            className="editor-bar-spacer"
          />
        </div>
      </div>
    </div>
    
    <div
      className="yamlEditorContainer"
    >
      <div
        id="brace-editor"
        style={
          Object {
            "height": "100%",
            "width": "100%",
          }
        }
      />
    </div>
  </div>
</div>
`;
