// Jest Snapshot v1, https://goo.gl/fbAQLP

exports[`GrcView view renders expand as expected 1`] = `
ShallowWrapper {
  Symbol(enzyme.__root__): [Circular],
  Symbol(enzyme.__unrendered__): <withRouter(Connect(GrcView))
    error={null}
    loading={false}
    policies={
      Array [
        Object {
          "__typename": "Compliance",
          "clusterCompliant": "0/2",
          "metadata": Object {
            "__typename": "Metadata",
            "annotations": Object {
              "policy.mcm.ibm.com/categories": "",
              "policy.mcm.ibm.com/controls": "",
              "policy.mcm.ibm.com/standards": "",
              "seed-generation": "1",
            },
            "name": "my-policy",
            "namespace": "mcm",
            "resourceVersion": "1347399",
            "selfLink": "/apis/policy.mcm.ibm.com/v1alpha1/namespaces/mcm/policies/my-policy",
          },
          "name": "my-policy",
          "namespace": "mcm",
          "placementBindings": Array [
            Object {
              "__typename": "PlacementBinding",
              "metadata": Object {
                "__typename": "Metadata",
                "name": "binding-my-policy",
                "selfLink": "/apis/mcm.ibm.com/v1alpha1/namespaces/mcm/placementbindings/binding-my-policy",
              },
            },
          ],
          "placementPolicies": Array [
            Object {
              "__typename": "PlacementPolicy",
              "metadata": Object {
                "__typename": "Metadata",
                "name": "placement-my-policy",
                "selfLink": "/apis/mcm.ibm.com/v1alpha1/namespaces/mcm/placementpolicies/placement-my-policy",
              },
            },
          ],
          "policyCompliant": "0/2",
          "raw": Object {
            "apiVersion": "policy.mcm.ibm.com/v1alpha1",
            "kind": "Policy",
            "metadata": Object {
              "annotations": Object {
                "policy.mcm.ibm.com/categories": "",
                "policy.mcm.ibm.com/controls": "",
                "policy.mcm.ibm.com/standards": "",
                "seed-generation": "1",
              },
              "creationTimestamp": "2019-07-21T15:53:58Z",
              "finalizers": Array [
                "propagator.finalizer.mcm.ibm.com",
              ],
              "generation": 55,
              "name": "my-policy",
              "namespace": "mcm",
              "resourceVersion": "1347399",
              "selfLink": "/apis/policy.mcm.ibm.com/v1alpha1/namespaces/mcm/policies/my-policy",
              "uid": "c049ec0d-abcf-11e9-8a41-005056a061f1",
            },
            "spec": Object {
              "complianceType": "musthave",
              "namespaces": Object {
                "exclude": Array [
                  "kube-*",
                ],
                "include": Array [
                  "default",
                ],
              },
              "object-templates": Array [
                Object {
                  "complianceType": "musthave",
                  "objectDefinition": Object {
                    "apiVersion": "rbac.authorization.k8s.io/v1",
                    "kind": "RoleBinding",
                    "metadata": Object {
                      "name": "operate-pods-rolebinding",
                    },
                    "roleRef": Object {
                      "apiGroup": "rbac.authorization.k8s.io",
                      "kind": "Role",
                      "name": "operator",
                    },
                    "subjects": Array [
                      Object {
                        "apiGroup": "rbac.authorization.k8s.io",
                        "kind": "User",
                        "name": "admin",
                      },
                    ],
                  },
                  "status": Object {
                    "Validity": Object {},
                  },
                },
              ],
              "remediationAction": "enforce",
            },
            "status": Object {
              "placementBindings": Array [
                "binding-my-policy",
              ],
              "placementPolicies": Array [
                "placement-my-policy",
              ],
              "status": Object {
                "cluster1": Object {
                  "aggregatePoliciesStatus": Object {
                    "my-policy": Object {
                      "compliant": "Compliant",
                    },
                  },
                  "clustername": "cluster1",
                  "compliant": "Compliant",
                },
                "clusterhub": Object {
                  "aggregatePoliciesStatus": Object {
                    "my-policy": Object {
                      "compliant": "Compliant",
                    },
                  },
                  "clustername": "clusterhub",
                  "compliant": "Compliant",
                },
              },
            },
          },
          "remediation": "enforce",
        },
        Object {
          "__typename": "Compliance",
          "clusterCompliant": "1/2",
          "metadata": Object {
            "__typename": "Metadata",
            "annotations": Object {
              "kubectl.kubernetes.io/last-applied-configuration": "{\\"apiVersion\\":\\"policy.mcm.ibm.com/v1alpha1\\",\\"kind\\":\\"Policy\\",\\"metadata\\":{\\"annotations\\":{\\"policy.mcm.ibm.com/categories\\":\\"SystemAndInformationIntegrity\\",\\"policy.mcm.ibm.com/controls\\":\\"MutationAdvisor\\",\\"policy.mcm.ibm.com/standards\\":\\"NIST\\"},\\"name\\":\\"policy-ma\\",\\"namespace\\":\\"mcm\\"},\\"spec\\":{\\"policy-templates\\":[{\\"objectDefinition\\":{\\"apiVersion\\":\\"policies.ibm.com/v1alpha1\\",\\"kind\\":\\"MutationPolicy\\",\\"metadata\\":{\\"label\\":{\\"category\\":\\"System-Integrity\\"},\\"name\\":\\"mutation-policy-example\\"},\\"spec\\":{\\"conditions\\":{\\"ownership\\":[\\"ReplicaSet\\",\\"Deployment\\",\\"DeamonSet\\",\\"ReplicationController\\"]},\\"namespaceSelector\\":{\\"exclude\\":[\\"kube-system\\"],\\"include\\":[\\"default\\",\\"kube-*\\"]},\\"remediationAction\\":\\"enforce\\"}}}],\\"remediationAction\\":\\"enforce\\"}}
",
              "policy.mcm.ibm.com/categories": "SystemAndInformationIntegrity",
              "policy.mcm.ibm.com/controls": "MutationAdvisor",
              "policy.mcm.ibm.com/standards": "NIST",
              "seed-generation": "1",
            },
            "name": "policy-ma",
            "namespace": "mcm",
            "resourceVersion": "1347579",
            "selfLink": "/apis/policy.mcm.ibm.com/v1alpha1/namespaces/mcm/policies/policy-ma",
          },
          "name": "policy-ma",
          "namespace": "mcm",
          "placementBindings": Array [
            Object {
              "__typename": "PlacementBinding",
              "metadata": Object {
                "__typename": "Metadata",
                "name": "binding-ma",
                "selfLink": "/apis/mcm.ibm.com/v1alpha1/namespaces/mcm/placementbindings/binding-ma",
              },
            },
          ],
          "placementPolicies": Array [
            Object {
              "__typename": "PlacementPolicy",
              "metadata": Object {
                "__typename": "Metadata",
                "name": "placement-ma",
                "selfLink": "/apis/mcm.ibm.com/v1alpha1/namespaces/mcm/placementpolicies/placement-ma",
              },
            },
          ],
          "policyCompliant": "1/2",
          "raw": Object {
            "apiVersion": "policy.mcm.ibm.com/v1alpha1",
            "kind": "Policy",
            "metadata": Object {
              "annotations": Object {
                "kubectl.kubernetes.io/last-applied-configuration": "{\\"apiVersion\\":\\"policy.mcm.ibm.com/v1alpha1\\",\\"kind\\":\\"Policy\\",\\"metadata\\":{\\"annotations\\":{\\"policy.mcm.ibm.com/categories\\":\\"SystemAndInformationIntegrity\\",\\"policy.mcm.ibm.com/controls\\":\\"MutationAdvisor\\",\\"policy.mcm.ibm.com/standards\\":\\"NIST\\"},\\"name\\":\\"policy-ma\\",\\"namespace\\":\\"mcm\\"},\\"spec\\":{\\"policy-templates\\":[{\\"objectDefinition\\":{\\"apiVersion\\":\\"policies.ibm.com/v1alpha1\\",\\"kind\\":\\"MutationPolicy\\",\\"metadata\\":{\\"label\\":{\\"category\\":\\"System-Integrity\\"},\\"name\\":\\"mutation-policy-example\\"},\\"spec\\":{\\"conditions\\":{\\"ownership\\":[\\"ReplicaSet\\",\\"Deployment\\",\\"DeamonSet\\",\\"ReplicationController\\"]},\\"namespaceSelector\\":{\\"exclude\\":[\\"kube-system\\"],\\"include\\":[\\"default\\",\\"kube-*\\"]},\\"remediationAction\\":\\"enforce\\"}}}],\\"remediationAction\\":\\"enforce\\"}}
",
                "policy.mcm.ibm.com/categories": "SystemAndInformationIntegrity",
                "policy.mcm.ibm.com/controls": "MutationAdvisor",
                "policy.mcm.ibm.com/standards": "NIST",
                "seed-generation": "1",
              },
              "creationTimestamp": "2019-07-16T13:18:48Z",
              "finalizers": Array [
                "propagator.finalizer.mcm.ibm.com",
              ],
              "generation": 45,
              "name": "policy-ma",
              "namespace": "mcm",
              "resourceVersion": "1347579",
              "selfLink": "/apis/policy.mcm.ibm.com/v1alpha1/namespaces/mcm/policies/policy-ma",
              "uid": "3f218d45-a7cc-11e9-8a41-005056a061f1",
            },
            "spec": Object {
              "namespaces": Object {},
              "policy-templates": Array [
                Object {
                  "objectDefinition": Object {
                    "apiVersion": "policies.ibm.com/v1alpha1",
                    "kind": "MutationPolicy",
                    "metadata": Object {
                      "label": Object {
                        "category": "System-Integrity",
                      },
                      "name": "mutation-policy-example",
                    },
                    "spec": Object {
                      "conditions": Object {
                        "ownership": Array [
                          "ReplicaSet",
                          "Deployment",
                          "DeamonSet",
                          "ReplicationController",
                        ],
                      },
                      "namespaceSelector": Object {
                        "exclude": Array [
                          "kube-system",
                        ],
                        "include": Array [
                          "default",
                          "kube-*",
                        ],
                      },
                      "remediationAction": "enforce",
                    },
                  },
                  "status": Object {
                    "Validity": Object {},
                  },
                },
              ],
              "remediationAction": "enforce",
            },
            "status": Object {
              "placementBindings": Array [
                "binding-ma",
              ],
              "placementPolicies": Array [
                "placement-ma",
              ],
              "status": Object {
                "cluster1": Object {
                  "aggregatePoliciesStatus": Object {
                    "policy-ma": Object {
                      "compliant": "NonCompliant",
                    },
                  },
                  "clustername": "cluster1",
                  "compliant": "NonCompliant",
                },
                "clusterhub": Object {
                  "aggregatePoliciesStatus": Object {
                    "policy-ma": Object {
                      "compliant": "Compliant",
                    },
                  },
                  "clustername": "clusterhub",
                  "compliant": "Compliant",
                },
              },
            },
          },
          "remediation": "enforce",
        },
        Object {
          "__typename": "Compliance",
          "clusterCompliant": "1/2",
          "metadata": Object {
            "__typename": "Metadata",
            "annotations": Object {
              "policy.mcm.ibm.com/categories": "SystemAndCommunicationsProtections,SystemAndInformationIntegrity",
              "policy.mcm.ibm.com/controls": "MutationAdvisor,CertificateManager",
              "policy.mcm.ibm.com/standards": "NIST,HIPAA",
              "seed-generation": "1",
            },
            "name": "policy-pod",
            "namespace": "mcm",
            "resourceVersion": "1257026",
            "selfLink": "/apis/policy.mcm.ibm.com/v1alpha1/namespaces/mcm/policies/policy-pod",
          },
          "name": "policy-pod",
          "namespace": "mcm",
          "placementBindings": Array [
            Object {
              "__typename": "PlacementBinding",
              "metadata": Object {
                "__typename": "Metadata",
                "name": "binding-pod",
                "selfLink": "/apis/mcm.ibm.com/v1alpha1/namespaces/mcm/placementbindings/binding-pod",
              },
            },
          ],
          "placementPolicies": Array [
            Object {
              "__typename": "PlacementPolicy",
              "metadata": Object {
                "__typename": "Metadata",
                "name": "placement-pod",
                "selfLink": "/apis/mcm.ibm.com/v1alpha1/namespaces/mcm/placementpolicies/placement-pod",
              },
            },
          ],
          "policyCompliant": "1/2",
          "raw": Object {
            "apiVersion": "policy.mcm.ibm.com/v1alpha1",
            "kind": "Policy",
            "metadata": Object {
              "annotations": Object {
                "policy.mcm.ibm.com/categories": "SystemAndCommunicationsProtections,SystemAndInformationIntegrity",
                "policy.mcm.ibm.com/controls": "MutationAdvisor,CertificateManager",
                "policy.mcm.ibm.com/standards": "NIST,HIPAA",
                "seed-generation": "1",
              },
              "creationTimestamp": "2019-07-16T13:16:46Z",
              "finalizers": Array [
                "propagator.finalizer.mcm.ibm.com",
              ],
              "generation": 19,
              "name": "policy-pod",
              "namespace": "mcm",
              "resourceVersion": "1257026",
              "selfLink": "/apis/policy.mcm.ibm.com/v1alpha1/namespaces/mcm/policies/policy-pod",
              "uid": "f61a25eb-a7cb-11e9-8a41-005056a061f1",
            },
            "spec": Object {
              "complianceType": "musthave",
              "namespaces": Object {
                "exclude": Array [
                  "kube*",
                ],
                "include": Array [
                  "default",
                ],
              },
              "object-templates": Array [
                Object {
                  "complianceType": "musthave",
                  "objectDefinition": Object {
                    "apiVersion": "v1",
                    "kind": "Pod",
                    "metadata": Object {
                      "name": "nginx-pod",
                    },
                    "spec": Object {
                      "containers": Array [
                        Object {
                          "image": "nginx:1.7.9",
                          "name": "nginx",
                          "ports": Array [
                            Object {
                              "containerPort": 80,
                            },
                          ],
                        },
                      ],
                    },
                  },
                  "status": Object {
                    "Validity": Object {},
                  },
                },
              ],
              "remediationAction": "inform",
            },
            "status": Object {
              "placementBindings": Array [
                "binding-pod",
              ],
              "placementPolicies": Array [
                "placement-pod",
              ],
              "status": Object {
                "cluster1": Object {
                  "aggregatePoliciesStatus": Object {
                    "policy-pod": Object {
                      "compliant": "Compliant",
                    },
                  },
                  "clustername": "cluster1",
                  "compliant": "Compliant",
                },
                "clusterhub": Object {
                  "aggregatePoliciesStatus": Object {
                    "policy-pod": Object {
                      "compliant": "NonCompliant",
                    },
                  },
                  "clustername": "clusterhub",
                  "compliant": "NonCompliant",
                },
              },
            },
          },
          "remediation": "inform",
        },
        Object {
          "__typename": "Compliance",
          "clusterCompliant": "1/2",
          "metadata": Object {
            "__typename": "Metadata",
            "annotations": Object {
              "kubectl.kubernetes.io/last-applied-configuration": "{\\"apiVersion\\":\\"policy.mcm.ibm.com/v1alpha1\\",\\"kind\\":\\"Policy\\",\\"metadata\\":{\\"annotations\\":{\\"policy.mcm.ibm.com/categories\\":\\"SystemAndCommunicationsProtections,SystemAndInformationIntegrity\\",\\"policy.mcm.ibm.com/controls\\":\\"MutationAdvisor,VA\\",\\"policy.mcm.ibm.com/standards\\":\\"NIST,HIPAA\\"},\\"name\\":\\"policy-role\\",\\"namespace\\":\\"mcm\\"},\\"spec\\":{\\"namespaces\\":{\\"exclude\\":[\\"kube*\\"],\\"include\\":[\\"default\\"]},\\"remediationAction\\":\\"inform\\",\\"role-templates\\":[{\\"apiVersion\\":\\"roletemplate.mcm.ibm.com/v1alpha1\\",\\"complianceType\\":\\"musthave\\",\\"metadata\\":{\\"name\\":\\"operator-role-policy\\",\\"namespace\\":\\"\\"},\\"rules\\":[{\\"complianceType\\":\\"musthave\\",\\"policyRule\\":{\\"apiGroups\\":[\\"extensions\\",\\"apps\\"],\\"resources\\":[\\"deployments\\"],\\"verbs\\":[\\"get\\",\\"list\\",\\"watch\\",\\"create\\",\\"delete\\",\\"patch\\"]}}],\\"selector\\":{\\"matchLabels\\":{\\"dev\\":\\"true\\"}}}]}}
",
              "policy.mcm.ibm.com/categories": "SystemAndCommunicationsProtections,SystemAndInformationIntegrity",
              "policy.mcm.ibm.com/controls": "MutationAdvisor,VA",
              "policy.mcm.ibm.com/standards": "NIST,HIPAA",
              "seed-generation": "1",
            },
            "name": "policy-role",
            "namespace": "mcm",
            "resourceVersion": "1201118",
            "selfLink": "/apis/policy.mcm.ibm.com/v1alpha1/namespaces/mcm/policies/policy-role",
          },
          "name": "policy-role",
          "namespace": "mcm",
          "placementBindings": Array [
            Object {
              "__typename": "PlacementBinding",
              "metadata": Object {
                "__typename": "Metadata",
                "name": "binding-role",
                "selfLink": "/apis/mcm.ibm.com/v1alpha1/namespaces/mcm/placementbindings/binding-role",
              },
            },
          ],
          "placementPolicies": Array [
            Object {
              "__typename": "PlacementPolicy",
              "metadata": Object {
                "__typename": "Metadata",
                "name": "placement-role",
                "selfLink": "/apis/mcm.ibm.com/v1alpha1/namespaces/mcm/placementpolicies/placement-role",
              },
            },
          ],
          "policyCompliant": "1/2",
          "raw": Object {
            "apiVersion": "policy.mcm.ibm.com/v1alpha1",
            "kind": "Policy",
            "metadata": Object {
              "annotations": Object {
                "kubectl.kubernetes.io/last-applied-configuration": "{\\"apiVersion\\":\\"policy.mcm.ibm.com/v1alpha1\\",\\"kind\\":\\"Policy\\",\\"metadata\\":{\\"annotations\\":{\\"policy.mcm.ibm.com/categories\\":\\"SystemAndCommunicationsProtections,SystemAndInformationIntegrity\\",\\"policy.mcm.ibm.com/controls\\":\\"MutationAdvisor,VA\\",\\"policy.mcm.ibm.com/standards\\":\\"NIST,HIPAA\\"},\\"name\\":\\"policy-role\\",\\"namespace\\":\\"mcm\\"},\\"spec\\":{\\"namespaces\\":{\\"exclude\\":[\\"kube*\\"],\\"include\\":[\\"default\\"]},\\"remediationAction\\":\\"inform\\",\\"role-templates\\":[{\\"apiVersion\\":\\"roletemplate.mcm.ibm.com/v1alpha1\\",\\"complianceType\\":\\"musthave\\",\\"metadata\\":{\\"name\\":\\"operator-role-policy\\",\\"namespace\\":\\"\\"},\\"rules\\":[{\\"complianceType\\":\\"musthave\\",\\"policyRule\\":{\\"apiGroups\\":[\\"extensions\\",\\"apps\\"],\\"resources\\":[\\"deployments\\"],\\"verbs\\":[\\"get\\",\\"list\\",\\"watch\\",\\"create\\",\\"delete\\",\\"patch\\"]}}],\\"selector\\":{\\"matchLabels\\":{\\"dev\\":\\"true\\"}}}]}}
",
                "policy.mcm.ibm.com/categories": "SystemAndCommunicationsProtections,SystemAndInformationIntegrity",
                "policy.mcm.ibm.com/controls": "MutationAdvisor,VA",
                "policy.mcm.ibm.com/standards": "NIST,HIPAA",
                "seed-generation": "1",
              },
              "creationTimestamp": "2019-07-16T13:19:03Z",
              "finalizers": Array [
                "propagator.finalizer.mcm.ibm.com",
              ],
              "generation": 16,
              "name": "policy-role",
              "namespace": "mcm",
              "resourceVersion": "1201118",
              "selfLink": "/apis/policy.mcm.ibm.com/v1alpha1/namespaces/mcm/policies/policy-role",
              "uid": "47dbc091-a7cc-11e9-8a41-005056a061f1",
            },
            "spec": Object {
              "namespaces": Object {
                "exclude": Array [
                  "kube*",
                ],
                "include": Array [
                  "default",
                ],
              },
              "remediationAction": "inform",
              "role-templates": Array [
                Object {
                  "apiVersion": "roletemplate.mcm.ibm.com/v1alpha1",
                  "complianceType": "musthave",
                  "metadata": Object {
                    "creationTimestamp": null,
                    "name": "operator-role-policy",
                  },
                  "rules": Array [
                    Object {
                      "complianceType": "musthave",
                      "policyRule": Object {
                        "apiGroups": Array [
                          "extensions",
                          "apps",
                        ],
                        "resources": Array [
                          "deployments",
                        ],
                        "verbs": Array [
                          "get",
                          "list",
                          "watch",
                          "create",
                          "delete",
                          "patch",
                        ],
                      },
                    },
                  ],
                  "selector": Object {
                    "matchLabels": Object {
                      "dev": "true",
                    },
                  },
                  "status": Object {
                    "Validity": Object {},
                  },
                },
              ],
            },
            "status": Object {
              "placementBindings": Array [
                "binding-role",
              ],
              "placementPolicies": Array [
                "placement-role",
              ],
              "status": Object {
                "cluster1": Object {
                  "aggregatePoliciesStatus": Object {
                    "policy-role": Object {
                      "compliant": "Compliant",
                    },
                  },
                  "clustername": "cluster1",
                  "compliant": "Compliant",
                },
                "clusterhub": Object {
                  "aggregatePoliciesStatus": Object {
                    "policy-role": Object {
                      "compliant": "NonCompliant",
                    },
                  },
                  "clustername": "clusterhub",
                  "compliant": "NonCompliant",
                },
              },
            },
          },
          "remediation": "inform",
        },
      ]
    }
    refreshControl={
      Object {
        "refreshCookie": "policy-refresh-interval-cookie",
        "reloading": false,
        "timestamp": "Tue Jul 23 2019 01:13:42 GMT-0400 (Eastern Daylight Time)",
      }
    }
    secondaryHeaderProps={
      Object {
        "information": "grc.header.tooltip",
        "links": Array [
          Object {
            "id": "create-policy",
            "label": "button.create.policy",
            "url": "/multicloud/policies/create",
          },
        ],
        "tabs": Array [
          Object {
            "id": "grc-overview",
            "index": 0,
            "label": "tabs.grc.overview",
            "url": "/multicloud/policies",
          },
          Object {
            "id": "grc-all",
            "index": 1,
            "label": "tabs.grc.all",
            "url": "/multicloud/policies/all",
          },
          Object {
            "id": "grc-findings",
            "index": 2,
            "label": "tabs.grc.findings",
            "url": "/multicloud/policies/findings",
          },
        ],
        "title": "routes.grc",
      }
    }
  />,
  Symbol(enzyme.__renderer__): Object {
    "batchedUpdates": [Function],
    "getNode": [Function],
    "render": [Function],
    "simulateError": [Function],
    "simulateEvent": [Function],
    "unmount": [Function],
  },
  Symbol(enzyme.__node__): Object {
    "instance": null,
    "key": undefined,
    "nodeType": "class",
    "props": Object {
      "render": [Function],
    },
    "ref": null,
    "rendered": null,
    "type": [Function],
  },
  Symbol(enzyme.__nodes__): Array [
    Object {
      "instance": null,
      "key": undefined,
      "nodeType": "class",
      "props": Object {
        "render": [Function],
      },
      "ref": null,
      "rendered": null,
      "type": [Function],
    },
  ],
  Symbol(enzyme.__options__): Object {
    "adapter": ReactSixteenAdapter {
      "options": Object {
        "enableComponentDidUpdateOnSetState": true,
        "lifecycles": Object {
          "componentDidUpdate": Object {
            "onSetState": true,
          },
          "getDerivedStateFromProps": true,
          "getSnapshotBeforeUpdate": true,
          "setState": Object {
            "skipsComponentDidUpdateOnNullish": true,
          },
        },
      },
    },
  },
}
`;
