// Jest Snapshot v1, https://goo.gl/fbAQLP

exports[`compressArray Should compress array 1`] = `""`;

exports[`compressArray Should compress array 2`] = `"-"`;

exports[`compressArray Should compress array 3`] = `"Ibm, Mcm, Grc, Cloud"`;

exports[`getFindingCategories Should return formarted FindingCategories 1`] = `"-"`;

exports[`getFindingCategories Should return formarted FindingCategories 2`] = `"-"`;

exports[`getFindingCategories Should return formarted FindingCategories 3`] = `"System And Information Integrity"`;

exports[`getFindingCategories Should return formarted FindingCategories 4`] = `"Test Case Four, , Test Case Four"`;

exports[`getFindingControl Should return formarted FindingControl 1`] = `"-"`;

exports[`getFindingControl Should return formarted FindingControl 2`] = `"-"`;

exports[`getFindingControl Should return formarted FindingControl 3`] = `"VA"`;

exports[`getFindingControl Should return formarted FindingControl 4`] = `"Test Case Four"`;

exports[`getFindingControl Should return formarted FindingControl 5`] = `"Test, VA"`;

exports[`getFindingControl Should return formarted FindingControl 6`] = `"-"`;

exports[`getFindingControl Should return formarted FindingControl 7`] = `"-"`;

exports[`getFindingControl Should return formarted FindingControl 8`] = `"Test, VA"`;

exports[`getFindingControl Should return formarted FindingControl 9`] = `"-"`;

exports[`getFindingControl Should return formarted FindingControl 10`] = `"Test VA"`;

exports[`getFindingStandards Should return formarted FindingStandards 1`] = `"-"`;

exports[`getFindingStandards Should return formarted FindingStandards 2`] = `"-"`;

exports[`getFindingStandards Should return formarted FindingStandards 3`] = `"NIST"`;

exports[`getFindingStandards Should return formarted FindingStandards 4`] = `"NIST, , HIPAA"`;

exports[`getSeverity Should get severity 1`] = `"-"`;

exports[`getSeverity Should get severity 2`] = `"-"`;

exports[`getSeverity Should get severity 3`] = `"Low"`;

exports[`getSeverity Should get severity 4`] = `"High"`;

exports[`getSeverity Should get severity 5`] = `"Medium"`;

exports[`getSeverity Should get severity 6`] = `"-"`;

exports[`showTypeAndName Should show type and name 1`] = `"HCMPolicyList: HCMPolicy"`;

exports[`showTypeAndName Should show type and name 2`] = `"-: -"`;

exports[`showTypeAndName Should show type and name 3`] = `"-: -"`;
