// Jest Snapshot v1, https://goo.gl/fbAQLP

exports[` 1`] = `
Array [
  Object {
    "msgKey": "table.header.description",
    "resourceKey": "shortDescription",
  },
  Object {
    "msgKey": "table.header.resources",
    "resourceKey": "context",
    "transformFunction": [Function],
  },
  Object {
    "msgKey": "table.header.severity",
    "resourceKey": "finding.severity",
    "transformFunction": [Function],
  },
  Object {
    "msgKey": "table.header.cluster",
    "resourceKey": "context.clusterName",
  },
  Object {
    "msgKey": "table.header.standards",
    "resourceKey": "securityClassification.securityStandards",
    "transformFunction": [Function],
  },
  Object {
    "msgKey": "table.header.controls",
    "resourceKey": "securityClassification.securityControl",
    "transformFunction": [Function],
  },
  Object {
    "msgKey": "table.header.categories",
    "resourceKey": "securityClassification.securityCategories",
    "transformFunction": [Function],
  },
  Object {
    "msgKey": "table.header.update.time",
    "resourceKey": "updateTime",
    "transformFunction": [Function],
  },
]
`;
