// Jest Snapshot v1, https://goo.gl/fbAQLP

exports[`DescriptionModal render test renders as expected 1`] = `
<BrowserRouter>
  <Connect(DescriptionModal)
    content="filler"
    open={true}
    title="filler"
    updateModal={[Function]}
  />
</BrowserRouter>
`;
