// Jest Snapshot v1, https://goo.gl/fbAQLP

exports[`PolicyDetailsOverview component renders as expected 1`] = `
<div
  className="overview-content"
>
  <div
    className="vertical-expend"
  >
    <h5
      className="section-title"
    >
      Policy details
    </h5>
    <div
      className="bx--module bx--module--double new-structured-list-container"
    >
      <div
        className="bx--module__inner"
      >
        <div
          className="bx--module__content"
        >
          <div
            className="new-structured-list"
          >
            <table
              className="new-structured-list-table"
            >
              <tbody>
                <tr
                  className="new-structured-list-table-row"
                >
                  <td
                    className="structured-list-table-item"
                  >
                    <b>
                      Name
                    </b>
                  </td>
                  <td
                    className="structured-list-table-data"
                  >
                    1569249226915-policy-test
                  </td>
                </tr>
                <tr
                  className="new-structured-list-table-row"
                >
                  <td
                    className="structured-list-table-item"
                  >
                    <b>
                      Namespace
                    </b>
                  </td>
                  <td
                    className="structured-list-table-data"
                  >
                    mcm
                  </td>
                </tr>
                <tr
                  className="new-structured-list-table-row"
                >
                  <td
                    className="structured-list-table-item"
                  >
                    <b>
                      Enforcement
                    </b>
                  </td>
                  <td
                    className="structured-list-table-data"
                  >
                    inform
                  </td>
                </tr>
              </tbody>
            </table>
            <span
              className="vertical-divider"
            />
            <table
              className="new-structured-list-table"
            >
              <tbody>
                <tr
                  className="new-structured-list-table-row"
                >
                  <td
                    className="structured-list-table-item"
                  >
                    <b>
                      Exclude namespaces
                    </b>
                  </td>
                  <td
                    className="structured-list-table-data"
                  >
                      kube-*  
                  </td>
                </tr>
                <tr
                  className="new-structured-list-table-row"
                >
                  <td
                    className="structured-list-table-item"
                  >
                    <b>
                      Include namespaces
                    </b>
                  </td>
                  <td
                    className="structured-list-table-data"
                  >
                      default  
                  </td>
                </tr>
                <tr
                  className="new-structured-list-table-row"
                >
                  <td
                    className="structured-list-table-item"
                  >
                    <b>
                      Cluster violations
                    </b>
                  </td>
                  <td
                    className="structured-list-table-data"
                  >
                    2/2
                  </td>
                </tr>
              </tbody>
            </table>
            <span
              className="vertical-divider"
            />
            <table
              className="new-structured-list-table"
            >
              <tbody>
                <tr
                  className="new-structured-list-table-row"
                >
                  <td
                    className="structured-list-table-item"
                  >
                    <b>
                      Categories
                    </b>
                  </td>
                  <td
                    className="structured-list-table-data"
                  >
                    SystemAndInformationIntegrity
                  </td>
                </tr>
                <tr
                  className="new-structured-list-table-row"
                >
                  <td
                    className="structured-list-table-item"
                  >
                    <b>
                      Controls
                    </b>
                  </td>
                  <td
                    className="structured-list-table-data"
                  >
                    VA
                  </td>
                </tr>
                <tr
                  className="new-structured-list-table-row"
                >
                  <td
                    className="structured-list-table-item"
                  >
                    <b>
                      Standards
                    </b>
                  </td>
                  <td
                    className="structured-list-table-data"
                  >
                    NIST
                  </td>
                </tr>
              </tbody>
            </table>
          </div>
        </div>
      </div>
    </div>
  </div>
  <div
    className="vertical-expend"
  >
    <h5
      className="section-title"
    >
      Placement
    </h5>
    <div
      className="overview-content-second"
    >
      <div
        className="overview-content-second-left"
      >
        <div
          className="bx--module bx--module--double structured-list-module"
          id={undefined}
        >
          <div
            className="bx--module__inner"
          >
            <div
              className="bx--module__header"
              style={
                Object {
                  "justifyContent": "space-between",
                }
              }
            >
              <h1
                className="bx--module__title"
              >
                Placement policy
              </h1>
              <button
                className="text-edit-button bx--btn bx--btn--sm bx--btn--primary"
                disabled={false}
                onClick={[Function]}
                tabIndex={0}
                type="button"
              >
                Edit
              </button>
            </div>
            <div
              className="bx--module__content"
            >
              <section
                aria-label="Placement policy"
                className="bx--structured-list bx--structured-list--condensed"
              >
                <div
                  className="bx--structured-list-tbody"
                  onKeyDown={[Function]}
                >
                  <div
                    className="bx--structured-list-row"
                  >
                    <div
                      className="bx--structured-list-td"
                    >
                      <p>
                        Name
                      </p>
                    </div>
                    <div
                      className="bx--structured-list-td"
                    >
                      placement-1569249226915-policy-test
                    </div>
                  </div>
                  <div
                    className="bx--structured-list-row"
                  >
                    <div
                      className="bx--structured-list-td"
                    >
                      <p>
                        Namespace
                      </p>
                    </div>
                    <div
                      className="bx--structured-list-td"
                    >
                      mcm
                    </div>
                  </div>
                  <div
                    className="bx--structured-list-row"
                  >
                    <div
                      className="bx--structured-list-td"
                    >
                      <p>
                        Cluster selector
                      </p>
                    </div>
                    <div
                      className="bx--structured-list-td"
                    />
                  </div>
                  <div
                    className="bx--structured-list-row"
                  >
                    <div
                      className="bx--structured-list-td"
                    >
                      <p>
                        Decisions
                      </p>
                    </div>
                    <div
                      className="bx--structured-list-td"
                    >
                      <div
                        className="cluster-status-container"
                      >
                        <div
                          className="one-cluster-status"
                        >
                          <a
                            href="/multicloud/policies/policy/policy/cluster1/1569249226915-policy-test"
                            onClick={[Function]}
                          >
                            cluster1
                          </a>
                          <div
                            className="table-status-row"
                          >
                            <div
                              className="table-status-icon"
                            >
                              <svg
                                alt="Status Icon"
                                aria-label="Status Icon"
                                className="table-status-icon__critical"
                                fill={undefined}
                                fillRule="evenodd"
                                height="16"
                                name="icon--error--glyph"
                                role="img"
                                style={undefined}
                                viewBox="0 0 16 16"
                                width="16"
                              >
                                <title>
                                  Status Icon
                                </title>
                                <path
                                  d="M8 0C3.6 0 0 3.6 0 8s3.6 8 8 8 8-3.6 8-8-3.6-8-8-8zM5.1 13.3L3.5 12 11 2.6l1.5 1.2-7.4 9.5z"
                                />
                              </svg>
                            </div>
                            <p />
                          </div>
                        </div>
                      </div>
                    </div>
                  </div>
                  <div
                    className="bx--structured-list-row"
                  >
                    <div
                      className="bx--structured-list-td"
                    >
                      <p>
                        Timestamp
                      </p>
                    </div>
                    <div
                      className="bx--structured-list-td"
                    >
                      2019-09-23T14:34:25Z
                    </div>
                  </div>
                </div>
              </section>
            </div>
          </div>
        </div>
      </div>
      <div
        className="overview-content-second-left"
      >
        <div
          className="bx--module bx--module--double structured-list-module"
          id={undefined}
        >
          <div
            className="bx--module__inner"
          >
            <div
              className="bx--module__header"
              style={
                Object {
                  "justifyContent": "space-between",
                }
              }
            >
              <h1
                className="bx--module__title"
              >
                Placement binding
              </h1>
              <button
                className="text-edit-button bx--btn bx--btn--sm bx--btn--primary"
                disabled={false}
                onClick={[Function]}
                tabIndex={0}
                type="button"
              >
                Edit
              </button>
            </div>
            <div
              className="bx--module__content"
            >
              <section
                aria-label="Placement binding"
                className="bx--structured-list bx--structured-list--condensed"
              >
                <div
                  className="bx--structured-list-tbody"
                  onKeyDown={[Function]}
                >
                  <div
                    className="bx--structured-list-row"
                  >
                    <div
                      className="bx--structured-list-td"
                    >
                      <p>
                        Name
                      </p>
                    </div>
                    <div
                      className="bx--structured-list-td"
                    >
                      binding-1569249226915-policy-test
                    </div>
                  </div>
                  <div
                    className="bx--structured-list-row"
                  >
                    <div
                      className="bx--structured-list-td"
                    >
                      <p>
                        Namespace
                      </p>
                    </div>
                    <div
                      className="bx--structured-list-td"
                    >
                      mcm
                    </div>
                  </div>
                  <div
                    className="bx--structured-list-row"
                  >
                    <div
                      className="bx--structured-list-td"
                    >
                      <p>
                        Placement policy
                      </p>
                    </div>
                    <div
                      className="bx--structured-list-td"
                    >
                      placement-1569249226915-policy-test
                    </div>
                  </div>
                  <div
                    className="bx--structured-list-row"
                  >
                    <div
                      className="bx--structured-list-td"
                    >
                      <p>
                        Subjects
                      </p>
                    </div>
                    <div
                      className="bx--structured-list-td"
                    >
                      -
                    </div>
                  </div>
                  <div
                    className="bx--structured-list-row"
                  >
                    <div
                      className="bx--structured-list-td"
                    >
                      <p>
                        Timestamp
                      </p>
                    </div>
                    <div
                      className="bx--structured-list-td"
                    >
                      2019-09-23T14:34:25Z
                    </div>
                  </div>
                </div>
              </section>
            </div>
          </div>
        </div>
      </div>
    </div>
  </div>
  <div
    className="vertical-expend overview-content-bottom"
  >
    <h5
      className="section-title"
    >
      Object templates
    </h5>
    <div
      className="overview-content-bottom"
    />
  </div>
</div>
`;
