// Jest Snapshot v1, https://goo.gl/fbAQLP

exports[`ResourceTableModuleFromProps component test renders as expected 1`] = `null`;
