// Jest Snapshot v1, https://goo.gl/fbAQLP

exports[`ResourceFilterView component renders as expected 1`] = `
<div
  className="resource-filter-view"
  style={
    Object {
      "height": 771,
    }
  }
>
  <h3
    className="filterHeader"
  >
    <svg
      className="titleIcon"
    >
      <use
        href="#diagramIcons_filter"
      />
    </svg>
    <div
      className="titleText"
    >
      Filter by
    </div>
    <svg
      alt="Close filter view"
      aria-label="Close filter view"
      className="closeIcon"
      fill={undefined}
      fillRule="evenodd"
      height="10"
      name="icon--close"
      onClick={[Function]}
      onKeyPress={[Function]}
      role="button"
      style={undefined}
      tabIndex={0}
      viewBox="0 0 10 10"
      width="10"
    >
      <title>
        Close filter view
      </title>
      <path
        d="M6.32 5L10 8.68 8.68 10 5 6.32 1.32 10 0 8.68 3.68 5 0 1.32 1.32 0 5 3.68 8.68 0 10 1.32 6.32 5z"
      />
    </svg>
  </h3>
  <div
    className="filter-sections-container"
    style={
      Object {
        "height": 688,
        "overflow": "hidden",
        "position": "relative",
        "width": 260,
      }
    }
  >
    <div
      style={
        Object {
          "WebkitOverflowScrolling": "touch",
          "bottom": 0,
          "left": 0,
          "marginBottom": -17,
          "marginRight": 0,
          "overflow": "scroll",
          "position": "absolute",
          "right": 0,
          "top": 0,
        }
      }
    />
    <div
      style={
        Object {
          "borderRadius": 3,
          "bottom": 2,
          "display": "none",
          "height": 6,
          "left": 2,
          "position": "absolute",
          "right": 2,
        }
      }
    >
      <div
        style={
          Object {
            "backgroundColor": "rgba(0,0,0,.2)",
            "borderRadius": "inherit",
            "cursor": "pointer",
            "display": "block",
            "height": "100%",
            "position": "relative",
          }
        }
      />
    </div>
    <div
      style={
        Object {
          "borderRadius": 3,
          "bottom": 2,
          "display": "none",
          "position": "absolute",
          "right": 2,
          "top": 2,
          "width": 6,
        }
      }
    >
      <div
        className="filter-sections-scrollbar"
        style={
          Object {
            "backgroundColor": "rgba(255,255,255,.2)",
            "borderRadius": "inherit",
            "cursor": "pointer",
            "display": "block",
            "position": "relative",
            "width": "100%",
          }
        }
      />
    </div>
  </div>
</div>
`;
