// Jest Snapshot v1, https://goo.gl/fbAQLP

exports[`withaccess component test renders as expected 1`] = `[Function]`;
