// Jest Snapshot v1, https://goo.gl/fbAQLP

exports[`ImpactedControlsModule view renders as expected 1`] = `
<div
  className="module-impacted-controls"
>
  <div
    className="card-container-container"
  >
    <div
      className="card-container"
    >
      <div
        className="card-content"
      >
        <div
          className="card-controls"
        >
          <div
            className="card-title"
          >
            Most impacted controls
          </div>
          <div
            className="card-legend"
          >
            <div
              className="legend-container"
            >
              <div
                className="legend policies"
              />
              Policy violations
            </div>
            <div
              className="legend-container"
            >
              <div
                className="legend findings"
              />
              Security findings
            </div>
          </div>
          <div
            className="card-control-panel"
          >
            <div
              className="card-selection"
            >
              <div
                className="card-selection-title"
              >
                Standard
              </div>
              <div
                aria-invalid={undefined}
                aria-label="Most impacted controls"
                className="bx--dropdown selection bx--list-box"
                data-invalid={undefined}
                onClick={[Function]}
                onKeyDown={[Function]}
                role="listbox"
                tabIndex={null}
              >
                <div
                  aria-expanded={false}
                  aria-haspopup={true}
                  aria-label="open menu"
                  className="bx--list-box__field"
                  data-toggle={true}
                  disabled={false}
                  onBlur={[Function]}
                  onClick={[Function]}
                  onKeyDown={[Function]}
                  role="button"
                  tabIndex="0"
                  type="button"
                >
                  <span
                    className="bx--list-box__label"
                    htmlFor="downshift-0-input"
                  >
                    ALL
                  </span>
                  <div
                    className="bx--list-box__menu-icon"
                  >
                    <svg
                      alt="Open menu"
                      aria-label="Open menu"
                      className={undefined}
                      fill={undefined}
                      fillRule="evenodd"
                      focusable="false"
                      height="5"
                      name={undefined}
                      role="img"
                      style={undefined}
                      viewBox="0 0 10 5"
                      width="10"
                    >
                      <title>
                        Open menu
                      </title>
                      <path
                        d="M0 0l5 4.998L10 0z"
                      />
                    </svg>
                  </div>
                </div>
              </div>
            </div>
            <div
              className="card-slider"
            >
              <div
                className="bx--form-item"
              >
                <label
                  className="bx--label"
                  htmlFor="slider"
                >
                  Show more or less controls
                </label>
                <div
                  className="bx--slider-container"
                >
                  <div
                    className="bx--slider"
                    onChange={[Function]}
                    onClick={[Function]}
                    onKeyPress={[Function]}
                    role="presentation"
                    tabIndex={-1}
                    value={4}
                  >
                    <div
                      aria-valuemax={4}
                      aria-valuemin={1}
                      aria-valuenow={4}
                      className="bx--slider__thumb"
                      id="slider"
                      onKeyDown={[Function]}
                      onMouseDown={[Function]}
                      onTouchStart={[Function]}
                      role="slider"
                      style={
                        Object {
                          "left": "0%",
                        }
                      }
                      tabIndex={0}
                    />
                    <div
                      className="bx--slider__track"
                    />
                    <div
                      className="bx--slider__filled-track"
                      style={
                        Object {
                          "transform": "translate(0%, -50%) scaleX(0)",
                        }
                      }
                    />
                    <input
                      className="bx--slider__input"
                      max={4}
                      min={1}
                      name="Show more or less controls"
                      onChange={[Function]}
                      required={undefined}
                      step={1}
                      type="hidden"
                      value={4}
                    />
                  </div>
                  <span
                    className="bx--slider__range-label"
                  >
                    1
                  </span>
                  <span
                    className="bx--slider__range-label"
                  >
                    4
                  </span>
                </div>
              </div>
            </div>
          </div>
        </div>
        <div
          className="card-radar-container"
        >
          <div
            className="card-radar"
          >
            <svg
              height={500}
              style={
                Object {
                  "height": "100%",
                  "overflow": "visible",
                  "width": "100%",
                }
              }
              viewBox="0 0 500 500"
              width={500}
            >
              <g
                transform="translate(70, 70)"
              >
                <rect
                  fill="transparent"
                  height={360}
                  transform="translate(0, 0)"
                  width={360}
                />
                <g
                  transform="translate(180, 180)"
                >
                  <g>
                    <circle
                      fill="#979797"
                      fillOpacity={0.1}
                      r={180}
                      stroke="#979797"
                    />
                    <circle
                      fill="#979797"
                      fillOpacity={0.1}
                      r={144}
                      stroke="#979797"
                    />
                    <circle
                      fill="#979797"
                      fillOpacity={0.1}
                      r={108}
                      stroke="#979797"
                    />
                    <circle
                      fill="#979797"
                      fillOpacity={0.1}
                      r={72}
                      stroke="#979797"
                    />
                    <circle
                      fill="#979797"
                      fillOpacity={0.1}
                      r={36}
                      stroke="#979797"
                    />
                    <text
                      dx="0.4em"
                      dy="0.4em"
                      fill="black"
                      fontFamily="sans-serif"
                      fontSize={10}
                      textAnchor="left"
                      x={0}
                      y={-180}
                    >
                      10
                    </text>
                    <text
                      dx="0.4em"
                      dy="0.4em"
                      fill="black"
                      fontFamily="sans-serif"
                      fontSize={10}
                      textAnchor="left"
                      x={0}
                      y={-144}
                    >
                      8
                    </text>
                    <text
                      dx="0.4em"
                      dy="0.4em"
                      fill="black"
                      fontFamily="sans-serif"
                      fontSize={10}
                      textAnchor="left"
                      x={0}
                      y={-108}
                    >
                      6
                    </text>
                    <text
                      dx="0.4em"
                      dy="0.4em"
                      fill="black"
                      fontFamily="sans-serif"
                      fontSize={10}
                      textAnchor="left"
                      x={0}
                      y={-72}
                    >
                      4
                    </text>
                    <text
                      dx="0.4em"
                      dy="0.4em"
                      fill="black"
                      fontFamily="sans-serif"
                      fontSize={10}
                      textAnchor="left"
                      x={0}
                      y={-36}
                    >
                      2
                    </text>
                  </g>
                  <g>
                    <line
                      stroke="#cdcdcd"
                      strokeWidth={2}
                      x1={0}
                      x2={1.2124003311558799e-14}
                      y1={0}
                      y2={-198.00000000000003}
                    />
                    <text
                      dy="0.35em"
                      fill="black"
                      fontFamily="sans-serif"
                      fontSize={10}
                      onClick={null}
                      onMouseOver={null}
                      style={
                        Object {
                          "color": "#171717",
                          "fontSize": "14px",
                        }
                      }
                      textAnchor="middle"
                      x={1.3226185430791415e-14}
                      y={-216}
                    >
                      Other
                    </text>
                  </g>
                  <g>
                    <line
                      stroke="#cdcdcd"
                      strokeWidth={2}
                      x1={0}
                      x2={198.00000000000003}
                      y1={0}
                      y2={0}
                    />
                    <text
                      dy="0.35em"
                      fill="black"
                      fontFamily="sans-serif"
                      fontSize={10}
                      onClick={null}
                      onMouseOver={null}
                      style={
                        Object {
                          "color": "#171717",
                          "fontSize": "14px",
                        }
                      }
                      textAnchor="middle"
                      x={216}
                      y={0}
                    >
                      Mutationadvisor
                    </text>
                  </g>
                  <g>
                    <line
                      stroke="#cdcdcd"
                      strokeWidth={2}
                      x1={0}
                      x2={1.2124003311558799e-14}
                      y1={0}
                      y2={198.00000000000003}
                    />
                    <text
                      dy="0.35em"
                      fill="black"
                      fontFamily="sans-serif"
                      fontSize={10}
                      onClick={null}
                      onMouseOver={null}
                      style={
                        Object {
                          "color": "#171717",
                          "fontSize": "14px",
                        }
                      }
                      textAnchor="middle"
                      x={1.3226185430791415e-14}
                      y={216}
                    >
                      Va
                    </text>
                  </g>
                  <g>
                    <line
                      stroke="#cdcdcd"
                      strokeWidth={2}
                      x1={0}
                      x2={-198.00000000000003}
                      y1={0}
                      y2={2.4248006623117597e-14}
                    />
                    <text
                      dy="0.35em"
                      fill="black"
                      fontFamily="sans-serif"
                      fontSize={10}
                      onClick={null}
                      onMouseOver={null}
                      style={
                        Object {
                          "color": "#171717",
                          "fontSize": "14px",
                        }
                      }
                      textAnchor="middle"
                      x={-216}
                      y={2.645237086158283e-14}
                    >
                      Test
                    </text>
                  </g>
                  <g>
                    <path
                      d="M53.999999999997115,-0.00001764692441305947C53.99999792153587,11.999982353075227,8.99998752923208,35.99999705884377,-0.000012470767438298165,35.99999999999784C-9.000012470766958,36.00000294115191,-0.0000020784612397163605,11.99999999999964,0,0C0.0000020784612397163605,-11.99999999999964,-8.999999999999519,-35.99999705884593,0,-36C8.999999999999519,-36.00000294115407,54.00000207845836,-12.000017646924052,53.999999999997115,-0.00001764692441305947"
                      fill="#13B9B9"
                      fillOpacity={0.2}
                      stroke="#13B9B9"
                      strokeOpacity={0.7}
                    />
                    <circle
                      cx={2.204364238465236e-15}
                      cy={-36}
                      fill="#13B9B9"
                      opacity={0.7}
                      r={3}
                      stroke="#13B9B9"
                    />
                    <circle
                      cx={54}
                      cy={0}
                      fill="#13B9B9"
                      opacity={0.7}
                      r={3}
                      stroke="#13B9B9"
                    />
                    <circle
                      cx={2.204364238465236e-15}
                      cy={36}
                      fill="#13B9B9"
                      opacity={0.7}
                      r={3}
                      stroke="#13B9B9"
                    />
                    <circle
                      cx={-0}
                      cy={0}
                      fill="#13B9B9"
                      opacity={0.7}
                      r={3}
                      stroke="#13B9B9"
                    />
                  </g>
                  <g>
                    <path
                      d="M0,0C0,0,8.999999999999996,1.7653779073130582e-7,0,0C-8.999999999999996,-1.7653779073130582e-7,-53.999999999999986,-0.000001059226744387835,-53.999999999999986,-0.000001059226744387835C-53.999999999999986,-0.000001059226744387835,-8.999999999999996,-1.7653779073130582e-7,0,0C8.999999999999996,1.7653779073130582e-7,0,0,0,0"
                      fill="#0082C1"
                      fillOpacity={0.2}
                      stroke="#0082C1"
                      strokeOpacity={0.7}
                    />
                    <circle
                      cx={0}
                      cy={-0}
                      fill="#0082C1"
                      opacity={0.7}
                      r={3}
                      stroke="#0082C1"
                    />
                    <circle
                      cx={0}
                      cy={0}
                      fill="#0082C1"
                      opacity={0.7}
                      r={3}
                      stroke="#0082C1"
                    />
                    <circle
                      cx={0}
                      cy={0}
                      fill="#0082C1"
                      opacity={0.7}
                      r={3}
                      stroke="#0082C1"
                    />
                    <circle
                      cx={-54}
                      cy={6.6130927153957075e-15}
                      fill="#0082C1"
                      opacity={0.7}
                      r={3}
                      stroke="#0082C1"
                    />
                  </g>
                </g>
              </g>
            </svg>
          </div>
        </div>
      </div>
    </div>
  </div>
</div>
`;
