// Jest Snapshot v1, https://goo.gl/fbAQLP

exports[`TopFindingsModule view renders as expected 1`] = `
<div
  className="module-top-findings"
>
  <div
    className="header-container"
  >
    <div
      className="header-title"
    >
      Top 3 security findings
    </div>
  </div>
  <div>
    <div
      className="card-container-container"
    >
      <div>
        <div
          className="card-container"
        >
          <div
            className="card-content"
          >
            <div
              className="card-inner-content"
            >
              <div
                className="card-violations"
                onClick={[Function]}
                onKeyPress={[Function]}
                role="button"
                tabIndex="0"
              >
                <div
                  className="card-violation-count alert"
                >
                  1
                </div>
                <div
                  className="card-violation-type"
                >
                  {0} VIOLATIONS
                </div>
              </div>
              <div
                className="card-name-description"
              >
                <div
                  className="card-name"
                >
                  <a
                    className="card-name-link"
                    href="undefined/policies/all/mcm/compliance-all"
                    onClick={[Function]}
                  >
                    compliance-all
                  </a>
                </div>
                <div
                  className="card-description"
                >
                  <a
                    className="card-each-description-link"
                    href="undefined/policies/all/mcm/compliance-all/compliancePolicy/policy-comp/cluster1"
                    onClick={[Function]}
                  >
                    cluster1
                  </a>
                </div>
              </div>
            </div>
          </div>
        </div>
      </div>
      <div>
        <div
          className="card-container"
        >
          <div
            className="card-content"
          >
            <div
              className="card-inner-content"
            >
              <div
                className="card-violations"
                onClick={[Function]}
                onKeyPress={[Function]}
                role="button"
                tabIndex="0"
              >
                <div
                  className="card-violation-count alert"
                >
                  1
                </div>
                <div
                  className="card-violation-type"
                >
                  {0} VIOLATIONS
                </div>
              </div>
              <div
                className="card-name-description"
              >
                <div
                  className="card-name"
                >
                  <a
                    className="card-name-link"
                    href="undefined/policies/all/mcm/policy-ma"
                    onClick={[Function]}
                  >
                    policy-ma
                  </a>
                </div>
                <div
                  className="card-description"
                >
                  <a
                    className="card-each-description-link"
                    href="undefined/policies/all/mcm/policy-ma/compliancePolicy/policy-ma/cluster1"
                    onClick={[Function]}
                  >
                    cluster1
                  </a>
                </div>
              </div>
            </div>
          </div>
        </div>
      </div>
      <div>
        <div
          className="card-container"
        >
          <div
            className="card-content"
          >
            <div
              className="card-inner-content"
            >
              <div
                className="card-violations"
                onClick={[Function]}
                onKeyPress={[Function]}
                role="button"
                tabIndex="0"
              >
                <div
                  className="card-violation-count alert"
                >
                  1
                </div>
                <div
                  className="card-violation-type"
                >
                  {0} VIOLATIONS
                </div>
              </div>
              <div
                className="card-name-description"
              >
                <div
                  className="card-name"
                >
                  <a
                    className="card-name-link"
                    href="undefined/policies/all/mcm/policy-pod"
                    onClick={[Function]}
                  >
                    policy-pod
                  </a>
                </div>
                <div
                  className="card-description"
                >
                  <a
                    className="card-each-description-link"
                    href="undefined/policies/all/mcm/policy-pod/compliancePolicy/policy-pod/cluster1"
                    onClick={[Function]}
                  >
                    cluster1
                  </a>
                </div>
              </div>
            </div>
          </div>
        </div>
      </div>
    </div>
  </div>
</div>
`;
